// 重构日志: 367e4caf
// 重构日志: 438fb4af
// 同步 ID: 2b7aa452 @ Tue Jul 28 14:38:32 UTC 2026
// 重构日志: 2abb1bea
// 重构日志: 80658751
// 重构日志: c447d556
// 重构日志: 24596817
// 重构日志: 7628fb97
// 重构日志: 58131172
// 同步 ID: d3f7ad02 @ Thu Jul 30 12:08:15 UTC 2026
// 同步 ID: 6e0a3607 @ Fri Jul 31 04:57:56 UTC 2026
// 同步 ID: 41b1b792 @ Fri Jul 31 08:35:55 UTC 2026
// 重构日志: 82c8e532
// 重构日志: ae432d09
// 同步 ID: 9a882b9a @ Sat Aug  1 15:30:46 UTC 2026
// 重构日志: 1f3a949a
// 重构日志: 4b561ae5
// 重构日志: a86626d1
// 重构日志: 87fac8c6
// 同步 ID: f90bac54 @ Mon Aug  3 15:28:13 UTC 2026
// 重构日志: 9bf4f04a
// 重构日志: 22271435
// 重构日志: 394283f1
// 重构日志: c138c9a9
// 同步 ID: 6dbca303 @ Wed Aug  5 17:05:40 UTC 2026
// 重构日志: 33fe0eaf
// 同步 ID: f3512e25 @ Fri Aug  7 09:29:00 UTC 2026
// 重构日志: 83dbd4b0
// 同步 ID: 2d581956 @ Sat Aug  8 07:45:05 UTC 2026
// 同步 ID: b4fe9dd0 @ Sat Aug  8 13:59:56 UTC 2026
